// Jest Snapshot v1, https://goo.gl/fbAQLP

exports[`Load matches a snapshot 1`] = `
<div>
  <button
    onClick={[MockFunction]}
  >
    Refresh
  </button>
</div>
`;
