// Jest Snapshot v1, https://goo.gl/fbAQLP

exports[`Quote matches a snapshot 1`] = `
Array [
  <p>
    quote
  </p>,
  <p>
    name
  </p>,
  <p>
    <img
      src="image"
    />
  </p>,
]
`;
